../Drivers/STM32U5xx_HAL_Driver/Inc/stm32u5xx_ll_bus.h:845:22:LL_AHB2_GRP1_EnableClock	24	static
../Drivers/STM32U5xx_HAL_Driver/Inc/stm32u5xx_ll_bus.h:1895:22:LL_APB1_GRP2_EnableClock	24	static
../Core/Src/main.c:85:5:main	232	static
../Core/Src/main.c:160:6:SystemClock_Config	128	static
../Core/Src/main.c:218:13:SystemPower_Config	8	static
../Core/Src/main.c:238:13:MX_ADC1_Init	8	static
../Core/Src/main.c:282:13:MX_I2C3_Init	8	static
../Core/Src/main.c:330:13:MX_ICACHE_Init	8	static
../Core/Src/main.c:362:13:MX_UCPD1_Init	32	static
../Core/Src/main.c:404:13:MX_USART1_UART_Init	8	static
../Core/Src/main.c:452:13:MX_USB_OTG_FS_PCD_Init	8	static
../Core/Src/main.c:488:13:MX_GPIO_Init	48	static
../Core/Src/main.c:562:6:Error_Handler	4	static,ignoring_inline_asm
